  Geri y├╝klenecek projeler belirleniyor...
C:\Program Files\dotnet\sdk\9.0.311\Sdks\Microsoft.NET.Sdk\targets\Microsoft.NET.EolTargetFrameworks.targets(32,5): warning NETSDK1138: 'net7.0' hedef ├ğer├ğevesi destek kapsam─▒ d─▒┼ş─▒nda ve gelecekte g├╝venlik g├╝ncelle┼ştirmeleri almayacak. L├╝tfen destek ilkesi hakk─▒nda daha fazla bilgi i├ğin ┼şuraya bak─▒n: https://aka.ms/dotnet-core-support. [C:\Users\hesme\OneDrive\Masa├╝st├╝\EMLAK PORTALI\EmlakPortali.Web\EmlakPortali.Web.csproj]
C:\Program Files\dotnet\sdk\9.0.311\Sdks\Microsoft.NET.Sdk\targets\Microsoft.NET.EolTargetFrameworks.targets(32,5): warning NETSDK1138: 'net7.0' hedef ├ğer├ğevesi destek kapsam─▒ d─▒┼ş─▒nda ve gelecekte g├╝venlik g├╝ncelle┼ştirmeleri almayacak. L├╝tfen destek ilkesi hakk─▒nda daha fazla bilgi i├ğin ┼şuraya bak─▒n: https://aka.ms/dotnet-core-support. [C:\Users\hesme\OneDrive\Masa├╝st├╝\EMLAK PORTALI\EmlakPortali.Api\EmlakPortali.Api.csproj]
  Geri y├╝kleme i├ğin t├╝m projeler g├╝ncel.
C:\Program Files\dotnet\sdk\9.0.311\Sdks\Microsoft.NET.Sdk\targets\Microsoft.NET.EolTargetFrameworks.targets(32,5): warning NETSDK1138: 'net7.0' hedef ├ğer├ğevesi destek kapsam─▒ d─▒┼ş─▒nda ve gelecekte g├╝venlik g├╝ncelle┼ştirmeleri almayacak. L├╝tfen destek ilkesi hakk─▒nda daha fazla bilgi i├ğin ┼şuraya bak─▒n: https://aka.ms/dotnet-core-support. [C:\Users\hesme\OneDrive\Masa├╝st├╝\EMLAK PORTALI\EmlakPortali.Web\EmlakPortali.Web.csproj]
C:\Program Files\dotnet\sdk\9.0.311\Microsoft.Common.CurrentVersion.targets(5394,5): warning MSB3026: "C:\Users\hesme\OneDrive\Masa├╝st├╝\EMLAK PORTALI\EmlakPortali.Web\obj\Debug\net7.0\apphost.exe", "bin\Debug\net7.0\EmlakPortali.Web.exe" ├╝zerine kopyalanamad─▒. 1 numaral─▒ yeniden denemeye 1000 ms i├ğinde ba┼şlanacak. The process cannot access the file 'C:\Users\hesme\OneDrive\Masa├╝st├╝\EMLAK PORTALI\EmlakPortali.Web\bin\Debug\net7.0\EmlakPortali.Web.exe' because it is being used by another process. Dosya ┼şunun taraf─▒ndan kilitlendi: "EmlakPortali.Web (33944)" [C:\Users\hesme\OneDrive\Masa├╝st├╝\EMLAK PORTALI\EmlakPortali.Web\EmlakPortali.Web.csproj]
C:\Program Files\dotnet\sdk\9.0.311\Sdks\Microsoft.NET.Sdk\targets\Microsoft.NET.EolTargetFrameworks.targets(32,5): warning NETSDK1138: 'net7.0' hedef ├ğer├ğevesi destek kapsam─▒ d─▒┼ş─▒nda ve gelecekte g├╝venlik g├╝ncelle┼ştirmeleri almayacak. L├╝tfen destek ilkesi hakk─▒nda daha fazla bilgi i├ğin ┼şuraya bak─▒n: https://aka.ms/dotnet-core-support. [C:\Users\hesme\OneDrive\Masa├╝st├╝\EMLAK PORTALI\EmlakPortali.Api\EmlakPortali.Api.csproj]
C:\Program Files\dotnet\sdk\9.0.311\Microsoft.Common.CurrentVersion.targets(5394,5): warning MSB3026: "C:\Users\hesme\OneDrive\Masa├╝st├╝\EMLAK PORTALI\EmlakPortali.Api\obj\Debug\net7.0\apphost.exe", "bin\Debug\net7.0\EmlakPortali.Api.exe" ├╝zerine kopyalanamad─▒. 1 numaral─▒ yeniden denemeye 1000 ms i├ğinde ba┼şlanacak. The process cannot access the file 'C:\Users\hesme\OneDrive\Masa├╝st├╝\EMLAK PORTALI\EmlakPortali.Api\bin\Debug\net7.0\EmlakPortali.Api.exe' because it is being used by another process. Dosya ┼şunun taraf─▒ndan kilitlendi: "EmlakPortali.Api (34452)" [C:\Users\hesme\OneDrive\Masa├╝st├╝\EMLAK PORTALI\EmlakPortali.Api\EmlakPortali.Api.csproj]
C:\Program Files\dotnet\sdk\9.0.311\Microsoft.Common.CurrentVersion.targets(5394,5): warning MSB3026: "C:\Users\hesme\OneDrive\Masa├╝st├╝\EMLAK PORTALI\EmlakPortali.Web\obj\Debug\net7.0\apphost.exe", "bin\Debug\net7.0\EmlakPortali.Web.exe" ├╝zerine kopyalanamad─▒. 2 numaral─▒ yeniden denemeye 1000 ms i├ğinde ba┼şlanacak. The process cannot access the file 'C:\Users\hesme\OneDrive\Masa├╝st├╝\EMLAK PORTALI\EmlakPortali.Web\bin\Debug\net7.0\EmlakPortali.Web.exe' because it is being used by another process. Dosya ┼şunun taraf─▒ndan kilitlendi: "EmlakPortali.Web (33944)" [C:\Users\hesme\OneDrive\Masa├╝st├╝\EMLAK PORTALI\EmlakPortali.Web\EmlakPortali.Web.csproj]
C:\Program Files\dotnet\sdk\9.0.311\Microsoft.Common.CurrentVersion.targets(5394,5): warning MSB3026: "C:\Users\hesme\OneDrive\Masa├╝st├╝\EMLAK PORTALI\EmlakPortali.Api\obj\Debug\net7.0\apphost.exe", "bin\Debug\net7.0\EmlakPortali.Api.exe" ├╝zerine kopyalanamad─▒. 2 numaral─▒ yeniden denemeye 1000 ms i├ğinde ba┼şlanacak. The process cannot access the file 'C:\Users\hesme\OneDrive\Masa├╝st├╝\EMLAK PORTALI\EmlakPortali.Api\bin\Debug\net7.0\EmlakPortali.Api.exe' because it is being used by another process. Dosya ┼şunun taraf─▒ndan kilitlendi: "EmlakPortali.Api (34452)" [C:\Users\hesme\OneDrive\Masa├╝st├╝\EMLAK PORTALI\EmlakPortali.Api\EmlakPortali.Api.csproj]
C:\Program Files\dotnet\sdk\9.0.311\Microsoft.Common.CurrentVersion.targets(5394,5): warning MSB3026: "C:\Users\hesme\OneDrive\Masa├╝st├╝\EMLAK PORTALI\EmlakPortali.Web\obj\Debug\net7.0\apphost.exe", "bin\Debug\net7.0\EmlakPortali.Web.exe" ├╝zerine kopyalanamad─▒. 3 numaral─▒ yeniden denemeye 1000 ms i├ğinde ba┼şlanacak. The process cannot access the file 'C:\Users\hesme\OneDrive\Masa├╝st├╝\EMLAK PORTALI\EmlakPortali.Web\bin\Debug\net7.0\EmlakPortali.Web.exe' because it is being used by another process. Dosya ┼şunun taraf─▒ndan kilitlendi: "EmlakPortali.Web (33944)" [C:\Users\hesme\OneDrive\Masa├╝st├╝\EMLAK PORTALI\EmlakPortali.Web\EmlakPortali.Web.csproj]
C:\Program Files\dotnet\sdk\9.0.311\Microsoft.Common.CurrentVersion.targets(5394,5): warning MSB3026: "C:\Users\hesme\OneDrive\Masa├╝st├╝\EMLAK PORTALI\EmlakPortali.Api\obj\Debug\net7.0\apphost.exe", "bin\Debug\net7.0\EmlakPortali.Api.exe" ├╝zerine kopyalanamad─▒. 3 numaral─▒ yeniden denemeye 1000 ms i├ğinde ba┼şlanacak. The process cannot access the file 'C:\Users\hesme\OneDrive\Masa├╝st├╝\EMLAK PORTALI\EmlakPortali.Api\bin\Debug\net7.0\EmlakPortali.Api.exe' because it is being used by another process. Dosya ┼şunun taraf─▒ndan kilitlendi: "EmlakPortali.Api (34452)" [C:\Users\hesme\OneDrive\Masa├╝st├╝\EMLAK PORTALI\EmlakPortali.Api\EmlakPortali.Api.csproj]
C:\Program Files\dotnet\sdk\9.0.311\Microsoft.Common.CurrentVersion.targets(5394,5): warning MSB3026: "C:\Users\hesme\OneDrive\Masa├╝st├╝\EMLAK PORTALI\EmlakPortali.Web\obj\Debug\net7.0\apphost.exe", "bin\Debug\net7.0\EmlakPortali.Web.exe" ├╝zerine kopyalanamad─▒. 4 numaral─▒ yeniden denemeye 1000 ms i├ğinde ba┼şlanacak. The process cannot access the file 'C:\Users\hesme\OneDrive\Masa├╝st├╝\EMLAK PORTALI\EmlakPortali.Web\bin\Debug\net7.0\EmlakPortali.Web.exe' because it is being used by another process. Dosya ┼şunun taraf─▒ndan kilitlendi: "EmlakPortali.Web (33944)" [C:\Users\hesme\OneDrive\Masa├╝st├╝\EMLAK PORTALI\EmlakPortali.Web\EmlakPortali.Web.csproj]
C:\Program Files\dotnet\sdk\9.0.311\Microsoft.Common.CurrentVersion.targets(5394,5): warning MSB3026: "C:\Users\hesme\OneDrive\Masa├╝st├╝\EMLAK PORTALI\EmlakPortali.Api\obj\Debug\net7.0\apphost.exe", "bin\Debug\net7.0\EmlakPortali.Api.exe" ├╝zerine kopyalanamad─▒. 4 numaral─▒ yeniden denemeye 1000 ms i├ğinde ba┼şlanacak. The process cannot access the file 'C:\Users\hesme\OneDrive\Masa├╝st├╝\EMLAK PORTALI\EmlakPortali.Api\bin\Debug\net7.0\EmlakPortali.Api.exe' because it is being used by another process. Dosya ┼şunun taraf─▒ndan kilitlendi: "EmlakPortali.Api (34452)" [C:\Users\hesme\OneDrive\Masa├╝st├╝\EMLAK PORTALI\EmlakPortali.Api\EmlakPortali.Api.csproj]
C:\Program Files\dotnet\sdk\9.0.311\Microsoft.Common.CurrentVersion.targets(5394,5): warning MSB3026: "C:\Users\hesme\OneDrive\Masa├╝st├╝\EMLAK PORTALI\EmlakPortali.Web\obj\Debug\net7.0\apphost.exe", "bin\Debug\net7.0\EmlakPortali.Web.exe" ├╝zerine kopyalanamad─▒. 5 numaral─▒ yeniden denemeye 1000 ms i├ğinde ba┼şlanacak. The process cannot access the file 'C:\Users\hesme\OneDrive\Masa├╝st├╝\EMLAK PORTALI\EmlakPortali.Web\bin\Debug\net7.0\EmlakPortali.Web.exe' because it is being used by another process. Dosya ┼şunun taraf─▒ndan kilitlendi: "EmlakPortali.Web (33944)" [C:\Users\hesme\OneDrive\Masa├╝st├╝\EMLAK PORTALI\EmlakPortali.Web\EmlakPortali.Web.csproj]
C:\Program Files\dotnet\sdk\9.0.311\Microsoft.Common.CurrentVersion.targets(5394,5): warning MSB3026: "C:\Users\hesme\OneDrive\Masa├╝st├╝\EMLAK PORTALI\EmlakPortali.Api\obj\Debug\net7.0\apphost.exe", "bin\Debug\net7.0\EmlakPortali.Api.exe" ├╝zerine kopyalanamad─▒. 5 numaral─▒ yeniden denemeye 1000 ms i├ğinde ba┼şlanacak. The process cannot access the file 'C:\Users\hesme\OneDrive\Masa├╝st├╝\EMLAK PORTALI\EmlakPortali.Api\bin\Debug\net7.0\EmlakPortali.Api.exe' because it is being used by another process. Dosya ┼şunun taraf─▒ndan kilitlendi: "EmlakPortali.Api (34452)" [C:\Users\hesme\OneDrive\Masa├╝st├╝\EMLAK PORTALI\EmlakPortali.Api\EmlakPortali.Api.csproj]
C:\Program Files\dotnet\sdk\9.0.311\Microsoft.Common.CurrentVersion.targets(5394,5): warning MSB3026: "C:\Users\hesme\OneDrive\Masa├╝st├╝\EMLAK PORTALI\EmlakPortali.Web\obj\Debug\net7.0\apphost.exe", "bin\Debug\net7.0\EmlakPortali.Web.exe" ├╝zerine kopyalanamad─▒. 6 numaral─▒ yeniden denemeye 1000 ms i├ğinde ba┼şlanacak. The process cannot access the file 'C:\Users\hesme\OneDrive\Masa├╝st├╝\EMLAK PORTALI\EmlakPortali.Web\bin\Debug\net7.0\EmlakPortali.Web.exe' because it is being used by another process. Dosya ┼şunun taraf─▒ndan kilitlendi: "EmlakPortali.Web (33944)" [C:\Users\hesme\OneDrive\Masa├╝st├╝\EMLAK PORTALI\EmlakPortali.Web\EmlakPortali.Web.csproj]
C:\Program Files\dotnet\sdk\9.0.311\Microsoft.Common.CurrentVersion.targets(5394,5): warning MSB3026: "C:\Users\hesme\OneDrive\Masa├╝st├╝\EMLAK PORTALI\EmlakPortali.Api\obj\Debug\net7.0\apphost.exe", "bin\Debug\net7.0\EmlakPortali.Api.exe" ├╝zerine kopyalanamad─▒. 6 numaral─▒ yeniden denemeye 1000 ms i├ğinde ba┼şlanacak. The process cannot access the file 'C:\Users\hesme\OneDrive\Masa├╝st├╝\EMLAK PORTALI\EmlakPortali.Api\bin\Debug\net7.0\EmlakPortali.Api.exe' because it is being used by another process. Dosya ┼şunun taraf─▒ndan kilitlendi: "EmlakPortali.Api (34452)" [C:\Users\hesme\OneDrive\Masa├╝st├╝\EMLAK PORTALI\EmlakPortali.Api\EmlakPortali.Api.csproj]
C:\Program Files\dotnet\sdk\9.0.311\Microsoft.Common.CurrentVersion.targets(5394,5): warning MSB3026: "C:\Users\hesme\OneDrive\Masa├╝st├╝\EMLAK PORTALI\EmlakPortali.Web\obj\Debug\net7.0\apphost.exe", "bin\Debug\net7.0\EmlakPortali.Web.exe" ├╝zerine kopyalanamad─▒. 7 numaral─▒ yeniden denemeye 1000 ms i├ğinde ba┼şlanacak. The process cannot access the file 'C:\Users\hesme\OneDrive\Masa├╝st├╝\EMLAK PORTALI\EmlakPortali.Web\bin\Debug\net7.0\EmlakPortali.Web.exe' because it is being used by another process. Dosya ┼şunun taraf─▒ndan kilitlendi: "EmlakPortali.Web (33944)" [C:\Users\hesme\OneDrive\Masa├╝st├╝\EMLAK PORTALI\EmlakPortali.Web\EmlakPortali.Web.csproj]
C:\Program Files\dotnet\sdk\9.0.311\Microsoft.Common.CurrentVersion.targets(5394,5): warning MSB3026: "C:\Users\hesme\OneDrive\Masa├╝st├╝\EMLAK PORTALI\EmlakPortali.Api\obj\Debug\net7.0\apphost.exe", "bin\Debug\net7.0\EmlakPortali.Api.exe" ├╝zerine kopyalanamad─▒. 7 numaral─▒ yeniden denemeye 1000 ms i├ğinde ba┼şlanacak. The process cannot access the file 'C:\Users\hesme\OneDrive\Masa├╝st├╝\EMLAK PORTALI\EmlakPortali.Api\bin\Debug\net7.0\EmlakPortali.Api.exe' because it is being used by another process. Dosya ┼şunun taraf─▒ndan kilitlendi: "EmlakPortali.Api (34452)" [C:\Users\hesme\OneDrive\Masa├╝st├╝\EMLAK PORTALI\EmlakPortali.Api\EmlakPortali.Api.csproj]
C:\Program Files\dotnet\sdk\9.0.311\Microsoft.Common.CurrentVersion.targets(5394,5): warning MSB3026: "C:\Users\hesme\OneDrive\Masa├╝st├╝\EMLAK PORTALI\EmlakPortali.Web\obj\Debug\net7.0\apphost.exe", "bin\Debug\net7.0\EmlakPortali.Web.exe" ├╝zerine kopyalanamad─▒. 8 numaral─▒ yeniden denemeye 1000 ms i├ğinde ba┼şlanacak. The process cannot access the file 'C:\Users\hesme\OneDrive\Masa├╝st├╝\EMLAK PORTALI\EmlakPortali.Web\bin\Debug\net7.0\EmlakPortali.Web.exe' because it is being used by another process. Dosya ┼şunun taraf─▒ndan kilitlendi: "EmlakPortali.Web (33944)" [C:\Users\hesme\OneDrive\Masa├╝st├╝\EMLAK PORTALI\EmlakPortali.Web\EmlakPortali.Web.csproj]
C:\Program Files\dotnet\sdk\9.0.311\Microsoft.Common.CurrentVersion.targets(5394,5): warning MSB3026: "C:\Users\hesme\OneDrive\Masa├╝st├╝\EMLAK PORTALI\EmlakPortali.Api\obj\Debug\net7.0\apphost.exe", "bin\Debug\net7.0\EmlakPortali.Api.exe" ├╝zerine kopyalanamad─▒. 8 numaral─▒ yeniden denemeye 1000 ms i├ğinde ba┼şlanacak. The process cannot access the file 'C:\Users\hesme\OneDrive\Masa├╝st├╝\EMLAK PORTALI\EmlakPortali.Api\bin\Debug\net7.0\EmlakPortali.Api.exe' because it is being used by another process. Dosya ┼şunun taraf─▒ndan kilitlendi: "EmlakPortali.Api (34452)" [C:\Users\hesme\OneDrive\Masa├╝st├╝\EMLAK PORTALI\EmlakPortali.Api\EmlakPortali.Api.csproj]
C:\Program Files\dotnet\sdk\9.0.311\Microsoft.Common.CurrentVersion.targets(5394,5): warning MSB3026: "C:\Users\hesme\OneDrive\Masa├╝st├╝\EMLAK PORTALI\EmlakPortali.Web\obj\Debug\net7.0\apphost.exe", "bin\Debug\net7.0\EmlakPortali.Web.exe" ├╝zerine kopyalanamad─▒. 9 numaral─▒ yeniden denemeye 1000 ms i├ğinde ba┼şlanacak. The process cannot access the file 'C:\Users\hesme\OneDrive\Masa├╝st├╝\EMLAK PORTALI\EmlakPortali.Web\bin\Debug\net7.0\EmlakPortali.Web.exe' because it is being used by another process. Dosya ┼şunun taraf─▒ndan kilitlendi: "EmlakPortali.Web (33944)" [C:\Users\hesme\OneDrive\Masa├╝st├╝\EMLAK PORTALI\EmlakPortali.Web\EmlakPortali.Web.csproj]
C:\Program Files\dotnet\sdk\9.0.311\Microsoft.Common.CurrentVersion.targets(5394,5): warning MSB3026: "C:\Users\hesme\OneDrive\Masa├╝st├╝\EMLAK PORTALI\EmlakPortali.Api\obj\Debug\net7.0\apphost.exe", "bin\Debug\net7.0\EmlakPortali.Api.exe" ├╝zerine kopyalanamad─▒. 9 numaral─▒ yeniden denemeye 1000 ms i├ğinde ba┼şlanacak. The process cannot access the file 'C:\Users\hesme\OneDrive\Masa├╝st├╝\EMLAK PORTALI\EmlakPortali.Api\bin\Debug\net7.0\EmlakPortali.Api.exe' because it is being used by another process. Dosya ┼şunun taraf─▒ndan kilitlendi: "EmlakPortali.Api (34452)" [C:\Users\hesme\OneDrive\Masa├╝st├╝\EMLAK PORTALI\EmlakPortali.Api\EmlakPortali.Api.csproj]
C:\Program Files\dotnet\sdk\9.0.311\Microsoft.Common.CurrentVersion.targets(5394,5): warning MSB3026: "C:\Users\hesme\OneDrive\Masa├╝st├╝\EMLAK PORTALI\EmlakPortali.Web\obj\Debug\net7.0\apphost.exe", "bin\Debug\net7.0\EmlakPortali.Web.exe" ├╝zerine kopyalanamad─▒. 10 numaral─▒ yeniden denemeye 1000 ms i├ğinde ba┼şlanacak. The process cannot access the file 'C:\Users\hesme\OneDrive\Masa├╝st├╝\EMLAK PORTALI\EmlakPortali.Web\bin\Debug\net7.0\EmlakPortali.Web.exe' because it is being used by another process. Dosya ┼şunun taraf─▒ndan kilitlendi: "EmlakPortali.Web (33944)" [C:\Users\hesme\OneDrive\Masa├╝st├╝\EMLAK PORTALI\EmlakPortali.Web\EmlakPortali.Web.csproj]
C:\Program Files\dotnet\sdk\9.0.311\Microsoft.Common.CurrentVersion.targets(5394,5): warning MSB3026: "C:\Users\hesme\OneDrive\Masa├╝st├╝\EMLAK PORTALI\EmlakPortali.Api\obj\Debug\net7.0\apphost.exe", "bin\Debug\net7.0\EmlakPortali.Api.exe" ├╝zerine kopyalanamad─▒. 10 numaral─▒ yeniden denemeye 1000 ms i├ğinde ba┼şlanacak. The process cannot access the file 'C:\Users\hesme\OneDrive\Masa├╝st├╝\EMLAK PORTALI\EmlakPortali.Api\bin\Debug\net7.0\EmlakPortali.Api.exe' because it is being used by another process. Dosya ┼şunun taraf─▒ndan kilitlendi: "EmlakPortali.Api (34452)" [C:\Users\hesme\OneDrive\Masa├╝st├╝\EMLAK PORTALI\EmlakPortali.Api\EmlakPortali.Api.csproj]
C:\Program Files\dotnet\sdk\9.0.311\Microsoft.Common.CurrentVersion.targets(5394,5): error MSB3027: "C:\Users\hesme\OneDrive\Masa├╝st├╝\EMLAK PORTALI\EmlakPortali.Web\obj\Debug\net7.0\apphost.exe", "bin\Debug\net7.0\EmlakPortali.Web.exe" ├╝zerine kopyalanamad─▒. 10 yeniden deneme say─▒s─▒ a┼ş─▒ld─▒. Ba┼şar─▒s─▒z oldu. Dosya ┼şunun taraf─▒ndan kilitlendi: "EmlakPortali.Web (33944)" [C:\Users\hesme\OneDrive\Masa├╝st├╝\EMLAK PORTALI\EmlakPortali.Web\EmlakPortali.Web.csproj]
C:\Program Files\dotnet\sdk\9.0.311\Microsoft.Common.CurrentVersion.targets(5394,5): error MSB3021: "C:\Users\hesme\OneDrive\Masa├╝st├╝\EMLAK PORTALI\EmlakPortali.Web\obj\Debug\net7.0\apphost.exe" dosyas─▒ "bin\Debug\net7.0\EmlakPortali.Web.exe" ├╝zerine kopyalanam─▒yor. The process cannot access the file 'C:\Users\hesme\OneDrive\Masa├╝st├╝\EMLAK PORTALI\EmlakPortali.Web\bin\Debug\net7.0\EmlakPortali.Web.exe' because it is being used by another process. [C:\Users\hesme\OneDrive\Masa├╝st├╝\EMLAK PORTALI\EmlakPortali.Web\EmlakPortali.Web.csproj]
C:\Program Files\dotnet\sdk\9.0.311\Microsoft.Common.CurrentVersion.targets(5394,5): error MSB3027: "C:\Users\hesme\OneDrive\Masa├╝st├╝\EMLAK PORTALI\EmlakPortali.Api\obj\Debug\net7.0\apphost.exe", "bin\Debug\net7.0\EmlakPortali.Api.exe" ├╝zerine kopyalanamad─▒. 10 yeniden deneme say─▒s─▒ a┼ş─▒ld─▒. Ba┼şar─▒s─▒z oldu. Dosya ┼şunun taraf─▒ndan kilitlendi: "EmlakPortali.Api (34452)" [C:\Users\hesme\OneDrive\Masa├╝st├╝\EMLAK PORTALI\EmlakPortali.Api\EmlakPortali.Api.csproj]
C:\Program Files\dotnet\sdk\9.0.311\Microsoft.Common.CurrentVersion.targets(5394,5): error MSB3021: "C:\Users\hesme\OneDrive\Masa├╝st├╝\EMLAK PORTALI\EmlakPortali.Api\obj\Debug\net7.0\apphost.exe" dosyas─▒ "bin\Debug\net7.0\EmlakPortali.Api.exe" ├╝zerine kopyalanam─▒yor. The process cannot access the file 'C:\Users\hesme\OneDrive\Masa├╝st├╝\EMLAK PORTALI\EmlakPortali.Api\bin\Debug\net7.0\EmlakPortali.Api.exe' because it is being used by another process. [C:\Users\hesme\OneDrive\Masa├╝st├╝\EMLAK PORTALI\EmlakPortali.Api\EmlakPortali.Api.csproj]

Olu┼şturma BA┼ŞARISIZ OLDU.

C:\Program Files\dotnet\sdk\9.0.311\Sdks\Microsoft.NET.Sdk\targets\Microsoft.NET.EolTargetFrameworks.targets(32,5): warning NETSDK1138: 'net7.0' hedef ├ğer├ğevesi destek kapsam─▒ d─▒┼ş─▒nda ve gelecekte g├╝venlik g├╝ncelle┼ştirmeleri almayacak. L├╝tfen destek ilkesi hakk─▒nda daha fazla bilgi i├ğin ┼şuraya bak─▒n: https://aka.ms/dotnet-core-support. [C:\Users\hesme\OneDrive\Masa├╝st├╝\EMLAK PORTALI\EmlakPortali.Web\EmlakPortali.Web.csproj]
C:\Program Files\dotnet\sdk\9.0.311\Sdks\Microsoft.NET.Sdk\targets\Microsoft.NET.EolTargetFrameworks.targets(32,5): warning NETSDK1138: 'net7.0' hedef ├ğer├ğevesi destek kapsam─▒ d─▒┼ş─▒nda ve gelecekte g├╝venlik g├╝ncelle┼ştirmeleri almayacak. L├╝tfen destek ilkesi hakk─▒nda daha fazla bilgi i├ğin ┼şuraya bak─▒n: https://aka.ms/dotnet-core-support. [C:\Users\hesme\OneDrive\Masa├╝st├╝\EMLAK PORTALI\EmlakPortali.Api\EmlakPortali.Api.csproj]
C:\Program Files\dotnet\sdk\9.0.311\Sdks\Microsoft.NET.Sdk\targets\Microsoft.NET.EolTargetFrameworks.targets(32,5): warning NETSDK1138: 'net7.0' hedef ├ğer├ğevesi destek kapsam─▒ d─▒┼ş─▒nda ve gelecekte g├╝venlik g├╝ncelle┼ştirmeleri almayacak. L├╝tfen destek ilkesi hakk─▒nda daha fazla bilgi i├ğin ┼şuraya bak─▒n: https://aka.ms/dotnet-core-support. [C:\Users\hesme\OneDrive\Masa├╝st├╝\EMLAK PORTALI\EmlakPortali.Web\EmlakPortali.Web.csproj]
C:\Program Files\dotnet\sdk\9.0.311\Microsoft.Common.CurrentVersion.targets(5394,5): warning MSB3026: "C:\Users\hesme\OneDrive\Masa├╝st├╝\EMLAK PORTALI\EmlakPortali.Web\obj\Debug\net7.0\apphost.exe", "bin\Debug\net7.0\EmlakPortali.Web.exe" ├╝zerine kopyalanamad─▒. 1 numaral─▒ yeniden denemeye 1000 ms i├ğinde ba┼şlanacak. The process cannot access the file 'C:\Users\hesme\OneDrive\Masa├╝st├╝\EMLAK PORTALI\EmlakPortali.Web\bin\Debug\net7.0\EmlakPortali.Web.exe' because it is being used by another process. Dosya ┼şunun taraf─▒ndan kilitlendi: "EmlakPortali.Web (33944)" [C:\Users\hesme\OneDrive\Masa├╝st├╝\EMLAK PORTALI\EmlakPortali.Web\EmlakPortali.Web.csproj]
C:\Program Files\dotnet\sdk\9.0.311\Sdks\Microsoft.NET.Sdk\targets\Microsoft.NET.EolTargetFrameworks.targets(32,5): warning NETSDK1138: 'net7.0' hedef ├ğer├ğevesi destek kapsam─▒ d─▒┼ş─▒nda ve gelecekte g├╝venlik g├╝ncelle┼ştirmeleri almayacak. L├╝tfen destek ilkesi hakk─▒nda daha fazla bilgi i├ğin ┼şuraya bak─▒n: https://aka.ms/dotnet-core-support. [C:\Users\hesme\OneDrive\Masa├╝st├╝\EMLAK PORTALI\EmlakPortali.Api\EmlakPortali.Api.csproj]
C:\Program Files\dotnet\sdk\9.0.311\Microsoft.Common.CurrentVersion.targets(5394,5): warning MSB3026: "C:\Users\hesme\OneDrive\Masa├╝st├╝\EMLAK PORTALI\EmlakPortali.Api\obj\Debug\net7.0\apphost.exe", "bin\Debug\net7.0\EmlakPortali.Api.exe" ├╝zerine kopyalanamad─▒. 1 numaral─▒ yeniden denemeye 1000 ms i├ğinde ba┼şlanacak. The process cannot access the file 'C:\Users\hesme\OneDrive\Masa├╝st├╝\EMLAK PORTALI\EmlakPortali.Api\bin\Debug\net7.0\EmlakPortali.Api.exe' because it is being used by another process. Dosya ┼şunun taraf─▒ndan kilitlendi: "EmlakPortali.Api (34452)" [C:\Users\hesme\OneDrive\Masa├╝st├╝\EMLAK PORTALI\EmlakPortali.Api\EmlakPortali.Api.csproj]
C:\Program Files\dotnet\sdk\9.0.311\Microsoft.Common.CurrentVersion.targets(5394,5): warning MSB3026: "C:\Users\hesme\OneDrive\Masa├╝st├╝\EMLAK PORTALI\EmlakPortali.Web\obj\Debug\net7.0\apphost.exe", "bin\Debug\net7.0\EmlakPortali.Web.exe" ├╝zerine kopyalanamad─▒. 2 numaral─▒ yeniden denemeye 1000 ms i├ğinde ba┼şlanacak. The process cannot access the file 'C:\Users\hesme\OneDrive\Masa├╝st├╝\EMLAK PORTALI\EmlakPortali.Web\bin\Debug\net7.0\EmlakPortali.Web.exe' because it is being used by another process. Dosya ┼şunun taraf─▒ndan kilitlendi: "EmlakPortali.Web (33944)" [C:\Users\hesme\OneDrive\Masa├╝st├╝\EMLAK PORTALI\EmlakPortali.Web\EmlakPortali.Web.csproj]
C:\Program Files\dotnet\sdk\9.0.311\Microsoft.Common.CurrentVersion.targets(5394,5): warning MSB3026: "C:\Users\hesme\OneDrive\Masa├╝st├╝\EMLAK PORTALI\EmlakPortali.Api\obj\Debug\net7.0\apphost.exe", "bin\Debug\net7.0\EmlakPortali.Api.exe" ├╝zerine kopyalanamad─▒. 2 numaral─▒ yeniden denemeye 1000 ms i├ğinde ba┼şlanacak. The process cannot access the file 'C:\Users\hesme\OneDrive\Masa├╝st├╝\EMLAK PORTALI\EmlakPortali.Api\bin\Debug\net7.0\EmlakPortali.Api.exe' because it is being used by another process. Dosya ┼şunun taraf─▒ndan kilitlendi: "EmlakPortali.Api (34452)" [C:\Users\hesme\OneDrive\Masa├╝st├╝\EMLAK PORTALI\EmlakPortali.Api\EmlakPortali.Api.csproj]
C:\Program Files\dotnet\sdk\9.0.311\Microsoft.Common.CurrentVersion.targets(5394,5): warning MSB3026: "C:\Users\hesme\OneDrive\Masa├╝st├╝\EMLAK PORTALI\EmlakPortali.Web\obj\Debug\net7.0\apphost.exe", "bin\Debug\net7.0\EmlakPortali.Web.exe" ├╝zerine kopyalanamad─▒. 3 numaral─▒ yeniden denemeye 1000 ms i├ğinde ba┼şlanacak. The process cannot access the file 'C:\Users\hesme\OneDrive\Masa├╝st├╝\EMLAK PORTALI\EmlakPortali.Web\bin\Debug\net7.0\EmlakPortali.Web.exe' because it is being used by another process. Dosya ┼şunun taraf─▒ndan kilitlendi: "EmlakPortali.Web (33944)" [C:\Users\hesme\OneDrive\Masa├╝st├╝\EMLAK PORTALI\EmlakPortali.Web\EmlakPortali.Web.csproj]
C:\Program Files\dotnet\sdk\9.0.311\Microsoft.Common.CurrentVersion.targets(5394,5): warning MSB3026: "C:\Users\hesme\OneDrive\Masa├╝st├╝\EMLAK PORTALI\EmlakPortali.Api\obj\Debug\net7.0\apphost.exe", "bin\Debug\net7.0\EmlakPortali.Api.exe" ├╝zerine kopyalanamad─▒. 3 numaral─▒ yeniden denemeye 1000 ms i├ğinde ba┼şlanacak. The process cannot access the file 'C:\Users\hesme\OneDrive\Masa├╝st├╝\EMLAK PORTALI\EmlakPortali.Api\bin\Debug\net7.0\EmlakPortali.Api.exe' because it is being used by another process. Dosya ┼şunun taraf─▒ndan kilitlendi: "EmlakPortali.Api (34452)" [C:\Users\hesme\OneDrive\Masa├╝st├╝\EMLAK PORTALI\EmlakPortali.Api\EmlakPortali.Api.csproj]
C:\Program Files\dotnet\sdk\9.0.311\Microsoft.Common.CurrentVersion.targets(5394,5): warning MSB3026: "C:\Users\hesme\OneDrive\Masa├╝st├╝\EMLAK PORTALI\EmlakPortali.Web\obj\Debug\net7.0\apphost.exe", "bin\Debug\net7.0\EmlakPortali.Web.exe" ├╝zerine kopyalanamad─▒. 4 numaral─▒ yeniden denemeye 1000 ms i├ğinde ba┼şlanacak. The process cannot access the file 'C:\Users\hesme\OneDrive\Masa├╝st├╝\EMLAK PORTALI\EmlakPortali.Web\bin\Debug\net7.0\EmlakPortali.Web.exe' because it is being used by another process. Dosya ┼şunun taraf─▒ndan kilitlendi: "EmlakPortali.Web (33944)" [C:\Users\hesme\OneDrive\Masa├╝st├╝\EMLAK PORTALI\EmlakPortali.Web\EmlakPortali.Web.csproj]
C:\Program Files\dotnet\sdk\9.0.311\Microsoft.Common.CurrentVersion.targets(5394,5): warning MSB3026: "C:\Users\hesme\OneDrive\Masa├╝st├╝\EMLAK PORTALI\EmlakPortali.Api\obj\Debug\net7.0\apphost.exe", "bin\Debug\net7.0\EmlakPortali.Api.exe" ├╝zerine kopyalanamad─▒. 4 numaral─▒ yeniden denemeye 1000 ms i├ğinde ba┼şlanacak. The process cannot access the file 'C:\Users\hesme\OneDrive\Masa├╝st├╝\EMLAK PORTALI\EmlakPortali.Api\bin\Debug\net7.0\EmlakPortali.Api.exe' because it is being used by another process. Dosya ┼şunun taraf─▒ndan kilitlendi: "EmlakPortali.Api (34452)" [C:\Users\hesme\OneDrive\Masa├╝st├╝\EMLAK PORTALI\EmlakPortali.Api\EmlakPortali.Api.csproj]
C:\Program Files\dotnet\sdk\9.0.311\Microsoft.Common.CurrentVersion.targets(5394,5): warning MSB3026: "C:\Users\hesme\OneDrive\Masa├╝st├╝\EMLAK PORTALI\EmlakPortali.Web\obj\Debug\net7.0\apphost.exe", "bin\Debug\net7.0\EmlakPortali.Web.exe" ├╝zerine kopyalanamad─▒. 5 numaral─▒ yeniden denemeye 1000 ms i├ğinde ba┼şlanacak. The process cannot access the file 'C:\Users\hesme\OneDrive\Masa├╝st├╝\EMLAK PORTALI\EmlakPortali.Web\bin\Debug\net7.0\EmlakPortali.Web.exe' because it is being used by another process. Dosya ┼şunun taraf─▒ndan kilitlendi: "EmlakPortali.Web (33944)" [C:\Users\hesme\OneDrive\Masa├╝st├╝\EMLAK PORTALI\EmlakPortali.Web\EmlakPortali.Web.csproj]
C:\Program Files\dotnet\sdk\9.0.311\Microsoft.Common.CurrentVersion.targets(5394,5): warning MSB3026: "C:\Users\hesme\OneDrive\Masa├╝st├╝\EMLAK PORTALI\EmlakPortali.Api\obj\Debug\net7.0\apphost.exe", "bin\Debug\net7.0\EmlakPortali.Api.exe" ├╝zerine kopyalanamad─▒. 5 numaral─▒ yeniden denemeye 1000 ms i├ğinde ba┼şlanacak. The process cannot access the file 'C:\Users\hesme\OneDrive\Masa├╝st├╝\EMLAK PORTALI\EmlakPortali.Api\bin\Debug\net7.0\EmlakPortali.Api.exe' because it is being used by another process. Dosya ┼şunun taraf─▒ndan kilitlendi: "EmlakPortali.Api (34452)" [C:\Users\hesme\OneDrive\Masa├╝st├╝\EMLAK PORTALI\EmlakPortali.Api\EmlakPortali.Api.csproj]
C:\Program Files\dotnet\sdk\9.0.311\Microsoft.Common.CurrentVersion.targets(5394,5): warning MSB3026: "C:\Users\hesme\OneDrive\Masa├╝st├╝\EMLAK PORTALI\EmlakPortali.Web\obj\Debug\net7.0\apphost.exe", "bin\Debug\net7.0\EmlakPortali.Web.exe" ├╝zerine kopyalanamad─▒. 6 numaral─▒ yeniden denemeye 1000 ms i├ğinde ba┼şlanacak. The process cannot access the file 'C:\Users\hesme\OneDrive\Masa├╝st├╝\EMLAK PORTALI\EmlakPortali.Web\bin\Debug\net7.0\EmlakPortali.Web.exe' because it is being used by another process. Dosya ┼şunun taraf─▒ndan kilitlendi: "EmlakPortali.Web (33944)" [C:\Users\hesme\OneDrive\Masa├╝st├╝\EMLAK PORTALI\EmlakPortali.Web\EmlakPortali.Web.csproj]
C:\Program Files\dotnet\sdk\9.0.311\Microsoft.Common.CurrentVersion.targets(5394,5): warning MSB3026: "C:\Users\hesme\OneDrive\Masa├╝st├╝\EMLAK PORTALI\EmlakPortali.Api\obj\Debug\net7.0\apphost.exe", "bin\Debug\net7.0\EmlakPortali.Api.exe" ├╝zerine kopyalanamad─▒. 6 numaral─▒ yeniden denemeye 1000 ms i├ğinde ba┼şlanacak. The process cannot access the file 'C:\Users\hesme\OneDrive\Masa├╝st├╝\EMLAK PORTALI\EmlakPortali.Api\bin\Debug\net7.0\EmlakPortali.Api.exe' because it is being used by another process. Dosya ┼şunun taraf─▒ndan kilitlendi: "EmlakPortali.Api (34452)" [C:\Users\hesme\OneDrive\Masa├╝st├╝\EMLAK PORTALI\EmlakPortali.Api\EmlakPortali.Api.csproj]
C:\Program Files\dotnet\sdk\9.0.311\Microsoft.Common.CurrentVersion.targets(5394,5): warning MSB3026: "C:\Users\hesme\OneDrive\Masa├╝st├╝\EMLAK PORTALI\EmlakPortali.Web\obj\Debug\net7.0\apphost.exe", "bin\Debug\net7.0\EmlakPortali.Web.exe" ├╝zerine kopyalanamad─▒. 7 numaral─▒ yeniden denemeye 1000 ms i├ğinde ba┼şlanacak. The process cannot access the file 'C:\Users\hesme\OneDrive\Masa├╝st├╝\EMLAK PORTALI\EmlakPortali.Web\bin\Debug\net7.0\EmlakPortali.Web.exe' because it is being used by another process. Dosya ┼şunun taraf─▒ndan kilitlendi: "EmlakPortali.Web (33944)" [C:\Users\hesme\OneDrive\Masa├╝st├╝\EMLAK PORTALI\EmlakPortali.Web\EmlakPortali.Web.csproj]
C:\Program Files\dotnet\sdk\9.0.311\Microsoft.Common.CurrentVersion.targets(5394,5): warning MSB3026: "C:\Users\hesme\OneDrive\Masa├╝st├╝\EMLAK PORTALI\EmlakPortali.Api\obj\Debug\net7.0\apphost.exe", "bin\Debug\net7.0\EmlakPortali.Api.exe" ├╝zerine kopyalanamad─▒. 7 numaral─▒ yeniden denemeye 1000 ms i├ğinde ba┼şlanacak. The process cannot access the file 'C:\Users\hesme\OneDrive\Masa├╝st├╝\EMLAK PORTALI\EmlakPortali.Api\bin\Debug\net7.0\EmlakPortali.Api.exe' because it is being used by another process. Dosya ┼şunun taraf─▒ndan kilitlendi: "EmlakPortali.Api (34452)" [C:\Users\hesme\OneDrive\Masa├╝st├╝\EMLAK PORTALI\EmlakPortali.Api\EmlakPortali.Api.csproj]
C:\Program Files\dotnet\sdk\9.0.311\Microsoft.Common.CurrentVersion.targets(5394,5): warning MSB3026: "C:\Users\hesme\OneDrive\Masa├╝st├╝\EMLAK PORTALI\EmlakPortali.Web\obj\Debug\net7.0\apphost.exe", "bin\Debug\net7.0\EmlakPortali.Web.exe" ├╝zerine kopyalanamad─▒. 8 numaral─▒ yeniden denemeye 1000 ms i├ğinde ba┼şlanacak. The process cannot access the file 'C:\Users\hesme\OneDrive\Masa├╝st├╝\EMLAK PORTALI\EmlakPortali.Web\bin\Debug\net7.0\EmlakPortali.Web.exe' because it is being used by another process. Dosya ┼şunun taraf─▒ndan kilitlendi: "EmlakPortali.Web (33944)" [C:\Users\hesme\OneDrive\Masa├╝st├╝\EMLAK PORTALI\EmlakPortali.Web\EmlakPortali.Web.csproj]
C:\Program Files\dotnet\sdk\9.0.311\Microsoft.Common.CurrentVersion.targets(5394,5): warning MSB3026: "C:\Users\hesme\OneDrive\Masa├╝st├╝\EMLAK PORTALI\EmlakPortali.Api\obj\Debug\net7.0\apphost.exe", "bin\Debug\net7.0\EmlakPortali.Api.exe" ├╝zerine kopyalanamad─▒. 8 numaral─▒ yeniden denemeye 1000 ms i├ğinde ba┼şlanacak. The process cannot access the file 'C:\Users\hesme\OneDrive\Masa├╝st├╝\EMLAK PORTALI\EmlakPortali.Api\bin\Debug\net7.0\EmlakPortali.Api.exe' because it is being used by another process. Dosya ┼şunun taraf─▒ndan kilitlendi: "EmlakPortali.Api (34452)" [C:\Users\hesme\OneDrive\Masa├╝st├╝\EMLAK PORTALI\EmlakPortali.Api\EmlakPortali.Api.csproj]
C:\Program Files\dotnet\sdk\9.0.311\Microsoft.Common.CurrentVersion.targets(5394,5): warning MSB3026: "C:\Users\hesme\OneDrive\Masa├╝st├╝\EMLAK PORTALI\EmlakPortali.Web\obj\Debug\net7.0\apphost.exe", "bin\Debug\net7.0\EmlakPortali.Web.exe" ├╝zerine kopyalanamad─▒. 9 numaral─▒ yeniden denemeye 1000 ms i├ğinde ba┼şlanacak. The process cannot access the file 'C:\Users\hesme\OneDrive\Masa├╝st├╝\EMLAK PORTALI\EmlakPortali.Web\bin\Debug\net7.0\EmlakPortali.Web.exe' because it is being used by another process. Dosya ┼şunun taraf─▒ndan kilitlendi: "EmlakPortali.Web (33944)" [C:\Users\hesme\OneDrive\Masa├╝st├╝\EMLAK PORTALI\EmlakPortali.Web\EmlakPortali.Web.csproj]
C:\Program Files\dotnet\sdk\9.0.311\Microsoft.Common.CurrentVersion.targets(5394,5): warning MSB3026: "C:\Users\hesme\OneDrive\Masa├╝st├╝\EMLAK PORTALI\EmlakPortali.Api\obj\Debug\net7.0\apphost.exe", "bin\Debug\net7.0\EmlakPortali.Api.exe" ├╝zerine kopyalanamad─▒. 9 numaral─▒ yeniden denemeye 1000 ms i├ğinde ba┼şlanacak. The process cannot access the file 'C:\Users\hesme\OneDrive\Masa├╝st├╝\EMLAK PORTALI\EmlakPortali.Api\bin\Debug\net7.0\EmlakPortali.Api.exe' because it is being used by another process. Dosya ┼şunun taraf─▒ndan kilitlendi: "EmlakPortali.Api (34452)" [C:\Users\hesme\OneDrive\Masa├╝st├╝\EMLAK PORTALI\EmlakPortali.Api\EmlakPortali.Api.csproj]
C:\Program Files\dotnet\sdk\9.0.311\Microsoft.Common.CurrentVersion.targets(5394,5): warning MSB3026: "C:\Users\hesme\OneDrive\Masa├╝st├╝\EMLAK PORTALI\EmlakPortali.Web\obj\Debug\net7.0\apphost.exe", "bin\Debug\net7.0\EmlakPortali.Web.exe" ├╝zerine kopyalanamad─▒. 10 numaral─▒ yeniden denemeye 1000 ms i├ğinde ba┼şlanacak. The process cannot access the file 'C:\Users\hesme\OneDrive\Masa├╝st├╝\EMLAK PORTALI\EmlakPortali.Web\bin\Debug\net7.0\EmlakPortali.Web.exe' because it is being used by another process. Dosya ┼şunun taraf─▒ndan kilitlendi: "EmlakPortali.Web (33944)" [C:\Users\hesme\OneDrive\Masa├╝st├╝\EMLAK PORTALI\EmlakPortali.Web\EmlakPortali.Web.csproj]
C:\Program Files\dotnet\sdk\9.0.311\Microsoft.Common.CurrentVersion.targets(5394,5): warning MSB3026: "C:\Users\hesme\OneDrive\Masa├╝st├╝\EMLAK PORTALI\EmlakPortali.Api\obj\Debug\net7.0\apphost.exe", "bin\Debug\net7.0\EmlakPortali.Api.exe" ├╝zerine kopyalanamad─▒. 10 numaral─▒ yeniden denemeye 1000 ms i├ğinde ba┼şlanacak. The process cannot access the file 'C:\Users\hesme\OneDrive\Masa├╝st├╝\EMLAK PORTALI\EmlakPortali.Api\bin\Debug\net7.0\EmlakPortali.Api.exe' because it is being used by another process. Dosya ┼şunun taraf─▒ndan kilitlendi: "EmlakPortali.Api (34452)" [C:\Users\hesme\OneDrive\Masa├╝st├╝\EMLAK PORTALI\EmlakPortali.Api\EmlakPortali.Api.csproj]
C:\Program Files\dotnet\sdk\9.0.311\Microsoft.Common.CurrentVersion.targets(5394,5): error MSB3027: "C:\Users\hesme\OneDrive\Masa├╝st├╝\EMLAK PORTALI\EmlakPortali.Web\obj\Debug\net7.0\apphost.exe", "bin\Debug\net7.0\EmlakPortali.Web.exe" ├╝zerine kopyalanamad─▒. 10 yeniden deneme say─▒s─▒ a┼ş─▒ld─▒. Ba┼şar─▒s─▒z oldu. Dosya ┼şunun taraf─▒ndan kilitlendi: "EmlakPortali.Web (33944)" [C:\Users\hesme\OneDrive\Masa├╝st├╝\EMLAK PORTALI\EmlakPortali.Web\EmlakPortali.Web.csproj]
C:\Program Files\dotnet\sdk\9.0.311\Microsoft.Common.CurrentVersion.targets(5394,5): error MSB3021: "C:\Users\hesme\OneDrive\Masa├╝st├╝\EMLAK PORTALI\EmlakPortali.Web\obj\Debug\net7.0\apphost.exe" dosyas─▒ "bin\Debug\net7.0\EmlakPortali.Web.exe" ├╝zerine kopyalanam─▒yor. The process cannot access the file 'C:\Users\hesme\OneDrive\Masa├╝st├╝\EMLAK PORTALI\EmlakPortali.Web\bin\Debug\net7.0\EmlakPortali.Web.exe' because it is being used by another process. [C:\Users\hesme\OneDrive\Masa├╝st├╝\EMLAK PORTALI\EmlakPortali.Web\EmlakPortali.Web.csproj]
C:\Program Files\dotnet\sdk\9.0.311\Microsoft.Common.CurrentVersion.targets(5394,5): error MSB3027: "C:\Users\hesme\OneDrive\Masa├╝st├╝\EMLAK PORTALI\EmlakPortali.Api\obj\Debug\net7.0\apphost.exe", "bin\Debug\net7.0\EmlakPortali.Api.exe" ├╝zerine kopyalanamad─▒. 10 yeniden deneme say─▒s─▒ a┼ş─▒ld─▒. Ba┼şar─▒s─▒z oldu. Dosya ┼şunun taraf─▒ndan kilitlendi: "EmlakPortali.Api (34452)" [C:\Users\hesme\OneDrive\Masa├╝st├╝\EMLAK PORTALI\EmlakPortali.Api\EmlakPortali.Api.csproj]
C:\Program Files\dotnet\sdk\9.0.311\Microsoft.Common.CurrentVersion.targets(5394,5): error MSB3021: "C:\Users\hesme\OneDrive\Masa├╝st├╝\EMLAK PORTALI\EmlakPortali.Api\obj\Debug\net7.0\apphost.exe" dosyas─▒ "bin\Debug\net7.0\EmlakPortali.Api.exe" ├╝zerine kopyalanam─▒yor. The process cannot access the file 'C:\Users\hesme\OneDrive\Masa├╝st├╝\EMLAK PORTALI\EmlakPortali.Api\bin\Debug\net7.0\EmlakPortali.Api.exe' because it is being used by another process. [C:\Users\hesme\OneDrive\Masa├╝st├╝\EMLAK PORTALI\EmlakPortali.Api\EmlakPortali.Api.csproj]
    24 Uyar─▒
    4 Hata

Ge├ğen S├╝re 00:00:12.30
